c:\users\1\desktop\algorithm-tasks\copy-paste\copy&paste\x64\debug\vc143.pdb
c:\users\1\desktop\algorithm-tasks\copy-paste\copy&paste\x64\debug\vc143.idb
c:\users\1\desktop\algorithm-tasks\copy-paste\copy&paste\x64\debug\vector.obj
c:\users\1\desktop\algorithm-tasks\copy-paste\copy&paste\x64\debug\implicittreap.obj
c:\users\1\desktop\algorithm-tasks\copy-paste\copy&paste\x64\debug\copypaste.obj
c:\users\1\desktop\algorithm-tasks\copy-paste\copy&paste\x64\debug\copy&paste.ilk
c:\users\1\desktop\algorithm-tasks\copy-paste\x64\debug\copy&paste.pdb
c:\users\1\desktop\algorithm-tasks\copy-paste\copy&paste\x64\debug\copy&paste.tlog\cl.command.1.tlog
c:\users\1\desktop\algorithm-tasks\copy-paste\copy&paste\x64\debug\copy&paste.tlog\cl.items.tlog
c:\users\1\desktop\algorithm-tasks\copy-paste\copy&paste\x64\debug\copy&paste.tlog\cl.read.1.tlog
c:\users\1\desktop\algorithm-tasks\copy-paste\copy&paste\x64\debug\copy&paste.tlog\cl.write.1.tlog
c:\users\1\desktop\algorithm-tasks\copy-paste\copy&paste\x64\debug\copy&paste.tlog\link.12556-cvtres.read.1.tlog
c:\users\1\desktop\algorithm-tasks\copy-paste\copy&paste\x64\debug\copy&paste.tlog\link.12556-cvtres.write.1.tlog
c:\users\1\desktop\algorithm-tasks\copy-paste\copy&paste\x64\debug\copy&paste.tlog\link.12556-rc.read.1.tlog
c:\users\1\desktop\algorithm-tasks\copy-paste\copy&paste\x64\debug\copy&paste.tlog\link.12556-rc.write.1.tlog
c:\users\1\desktop\algorithm-tasks\copy-paste\copy&paste\x64\debug\copy&paste.tlog\link.12556.read.1.tlog
c:\users\1\desktop\algorithm-tasks\copy-paste\copy&paste\x64\debug\copy&paste.tlog\link.12556.read.2.tlog
c:\users\1\desktop\algorithm-tasks\copy-paste\copy&paste\x64\debug\copy&paste.tlog\link.12556.write.1.tlog
c:\users\1\desktop\algorithm-tasks\copy-paste\copy&paste\x64\debug\copy&paste.tlog\link.command.1.tlog
c:\users\1\desktop\algorithm-tasks\copy-paste\copy&paste\x64\debug\copy&paste.tlog\link.read.1.tlog
c:\users\1\desktop\algorithm-tasks\copy-paste\copy&paste\x64\debug\copy&paste.tlog\link.secondary.1.tlog
c:\users\1\desktop\algorithm-tasks\copy-paste\copy&paste\x64\debug\copy&paste.tlog\link.write.1.tlog
