c:\users\1\desktop\algorithm-tasks\crossings\crossings\x64\debug\vc143.pdb
c:\users\1\desktop\algorithm-tasks\crossings\crossings\x64\debug\vc143.idb
c:\users\1\desktop\algorithm-tasks\crossings\crossings\x64\debug\vector.obj
c:\users\1\desktop\algorithm-tasks\crossings\crossings\x64\debug\median_first.obj
c:\users\1\desktop\algorithm-tasks\crossings\crossings\x64\debug\median_second.obj
c:\users\1\desktop\algorithm-tasks\crossings\crossings\x64\debug\crossings.obj
c:\users\1\desktop\algorithm-tasks\crossings\crossings\x64\debug\crossings.ilk
c:\users\1\desktop\algorithm-tasks\crossings\x64\debug\crossings.pdb
c:\users\1\desktop\algorithm-tasks\crossings\crossings\x64\debug\crossings.tlog\cl.command.1.tlog
c:\users\1\desktop\algorithm-tasks\crossings\crossings\x64\debug\crossings.tlog\cl.items.tlog
c:\users\1\desktop\algorithm-tasks\crossings\crossings\x64\debug\crossings.tlog\cl.read.1.tlog
c:\users\1\desktop\algorithm-tasks\crossings\crossings\x64\debug\crossings.tlog\cl.write.1.tlog
c:\users\1\desktop\algorithm-tasks\crossings\crossings\x64\debug\crossings.tlog\link-cvtres.read.1.tlog
c:\users\1\desktop\algorithm-tasks\crossings\crossings\x64\debug\crossings.tlog\link-cvtres.write.1.tlog
c:\users\1\desktop\algorithm-tasks\crossings\crossings\x64\debug\crossings.tlog\link-rc.read.1.tlog
c:\users\1\desktop\algorithm-tasks\crossings\crossings\x64\debug\crossings.tlog\link-rc.write.1.tlog
c:\users\1\desktop\algorithm-tasks\crossings\crossings\x64\debug\crossings.tlog\link.13276-cvtres.read.1.tlog
c:\users\1\desktop\algorithm-tasks\crossings\crossings\x64\debug\crossings.tlog\link.13276-cvtres.write.1.tlog
c:\users\1\desktop\algorithm-tasks\crossings\crossings\x64\debug\crossings.tlog\link.13276-rc.read.1.tlog
c:\users\1\desktop\algorithm-tasks\crossings\crossings\x64\debug\crossings.tlog\link.13276-rc.write.1.tlog
c:\users\1\desktop\algorithm-tasks\crossings\crossings\x64\debug\crossings.tlog\link.13276.read.1.tlog
c:\users\1\desktop\algorithm-tasks\crossings\crossings\x64\debug\crossings.tlog\link.13276.read.2.tlog
c:\users\1\desktop\algorithm-tasks\crossings\crossings\x64\debug\crossings.tlog\link.13276.write.1.tlog
c:\users\1\desktop\algorithm-tasks\crossings\crossings\x64\debug\crossings.tlog\link.command.1.tlog
c:\users\1\desktop\algorithm-tasks\crossings\crossings\x64\debug\crossings.tlog\link.read.1.tlog
c:\users\1\desktop\algorithm-tasks\crossings\crossings\x64\debug\crossings.tlog\link.read.2.tlog
c:\users\1\desktop\algorithm-tasks\crossings\crossings\x64\debug\crossings.tlog\link.secondary.1.tlog
c:\users\1\desktop\algorithm-tasks\crossings\crossings\x64\debug\crossings.tlog\link.write.1.tlog
