c:\users\1\desktop\algorithm-tasks\aatree\aatree\x64\debug\vc143.pdb
c:\users\1\desktop\algorithm-tasks\aatree\aatree\x64\debug\vc143.idb
c:\users\1\desktop\algorithm-tasks\aatree\aatree\x64\debug\aatree_set.obj
c:\users\1\desktop\algorithm-tasks\aatree\aatree\x64\debug\aatree_class.obj
c:\users\1\desktop\algorithm-tasks\aatree\aatree\x64\debug\aatree.obj
c:\users\1\desktop\algorithm-tasks\aatree\aatree\x64\debug\aatree.ilk
c:\users\1\desktop\algorithm-tasks\aatree\x64\debug\aatree.pdb
c:\users\1\desktop\algorithm-tasks\aatree\aatree\x64\debug\aatree.tlog\cl.command.1.tlog
c:\users\1\desktop\algorithm-tasks\aatree\aatree\x64\debug\aatree.tlog\cl.items.tlog
c:\users\1\desktop\algorithm-tasks\aatree\aatree\x64\debug\aatree.tlog\cl.read.1.tlog
c:\users\1\desktop\algorithm-tasks\aatree\aatree\x64\debug\aatree.tlog\cl.write.1.tlog
c:\users\1\desktop\algorithm-tasks\aatree\aatree\x64\debug\aatree.tlog\link.10248-cvtres.read.1.tlog
c:\users\1\desktop\algorithm-tasks\aatree\aatree\x64\debug\aatree.tlog\link.10248-cvtres.write.1.tlog
c:\users\1\desktop\algorithm-tasks\aatree\aatree\x64\debug\aatree.tlog\link.10248-rc.read.1.tlog
c:\users\1\desktop\algorithm-tasks\aatree\aatree\x64\debug\aatree.tlog\link.10248-rc.write.1.tlog
c:\users\1\desktop\algorithm-tasks\aatree\aatree\x64\debug\aatree.tlog\link.10248.read.1.tlog
c:\users\1\desktop\algorithm-tasks\aatree\aatree\x64\debug\aatree.tlog\link.10248.read.2.tlog
c:\users\1\desktop\algorithm-tasks\aatree\aatree\x64\debug\aatree.tlog\link.10248.write.1.tlog
c:\users\1\desktop\algorithm-tasks\aatree\aatree\x64\debug\aatree.tlog\link.command.1.tlog
c:\users\1\desktop\algorithm-tasks\aatree\aatree\x64\debug\aatree.tlog\link.read.1.tlog
c:\users\1\desktop\algorithm-tasks\aatree\aatree\x64\debug\aatree.tlog\link.secondary.1.tlog
c:\users\1\desktop\algorithm-tasks\aatree\aatree\x64\debug\aatree.tlog\link.write.1.tlog
